src-tauri/target/release/build/atri-chat-abd4f393fc22194d/out/tauri-codegen-assets/1c72351eeb4b9e894e4337cb643a5c96a2dad863298ac17962f6e743f6e1dc64.js(1,1): error TS1127: Invalid character.
src-tauri/target/release/build/atri-chat-abd4f393fc22194d/out/tauri-codegen-assets/1c72351eeb4b9e894e4337cb643a5c96a2dad863298ac17962f6e743f6e1dc64.js(1,2): error TS1128: Declaration or statement expected.
src-tauri/target/release/build/atri-chat-abd4f393fc22194d/out/tauri-codegen-assets/268f293218b9d479a09a2f4cf081ed0dce167374c8b832ca9ea0161303017990.js(1,1): error TS1490: File appears to be binary.
src-tauri/target/release/build/atri-chat-abd4f393fc22194d/out/tauri-codegen-assets/268f293218b9d479a09a2f4cf081ed0dce167374c8b832ca9ea0161303017990.js(1,1): error TS1127: Invalid character.
src-tauri/target/release/build/atri-chat-abd4f393fc22194d/out/tauri-codegen-assets/268f293218b9d479a09a2f4cf081ed0dce167374c8b832ca9ea0161303017990.js(1,2): error TS1128: Declaration or statement expected.
src-tauri/target/release/build/atri-chat-abd4f393fc22194d/out/tauri-codegen-assets/268f293218b9d479a09a2f4cf081ed0dce167374c8b832ca9ea0161303017990.js(1,3): error TS1127: Invalid character.
src-tauri/target/release/build/atri-chat-abd4f393fc22194d/out/tauri-codegen-assets/268f293218b9d479a09a2f4cf081ed0dce167374c8b832ca9ea0161303017990.js(1,4): error TS1127: Invalid character.
src-tauri/target/release/build/atri-chat-abd4f393fc22194d/out/tauri-codegen-assets/268f293218b9d479a09a2f4cf081ed0dce167374c8b832ca9ea0161303017990.js(1,5): error TS1128: Declaration or statement expected.
src-tauri/target/release/build/atri-chat-abd4f393fc22194d/out/tauri-codegen-assets/38b0a1fbf572c0dc56402b31ba63dd4d4b5e8da31e70b716339fe13859d6100b.js(1,1): error TS1490: File appears to be binary.
src-tauri/target/release/build/atri-chat-abd4f393fc22194d/out/tauri-codegen-assets/38b0a1fbf572c0dc56402b31ba63dd4d4b5e8da31e70b716339fe13859d6100b.js(1,1): error TS1127: Invalid character.
src-tauri/target/release/build/atri-chat-abd4f393fc22194d/out/tauri-codegen-assets/38b0a1fbf572c0dc56402b31ba63dd4d4b5e8da31e70b716339fe13859d6100b.js(1,2): error TS1128: Declaration or statement expected.
src-tauri/target/release/build/atri-chat-abd4f393fc22194d/out/tauri-codegen-assets/38b0a1fbf572c0dc56402b31ba63dd4d4b5e8da31e70b716339fe13859d6100b.js(1,3): error TS1127: Invalid character.
src-tauri/target/release/build/atri-chat-abd4f393fc22194d/out/tauri-codegen-assets/38b0a1fbf572c0dc56402b31ba63dd4d4b5e8da31e70b716339fe13859d6100b.js(1,4): error TS1127: Invalid character.
src-tauri/target/release/build/atri-chat-abd4f393fc22194d/out/tauri-codegen-assets/38b0a1fbf572c0dc56402b31ba63dd4d4b5e8da31e70b716339fe13859d6100b.js(1,5): error TS1127: Invalid character.
src-tauri/target/release/build/atri-chat-abd4f393fc22194d/out/tauri-codegen-assets/38b0a1fbf572c0dc56402b31ba63dd4d4b5e8da31e70b716339fe13859d6100b.js(1,6): error TS1128: Declaration or statement expected.
src-tauri/target/release/build/atri-chat-abd4f393fc22194d/out/tauri-codegen-assets/3ba9699fb665783f336442ac5d43ba195697bdc75f97b42afd15a58da51b224d.js(1,1): error TS1127: Invalid character.
src-tauri/target/release/build/atri-chat-abd4f393fc22194d/out/tauri-codegen-assets/3ba9699fb665783f336442ac5d43ba195697bdc75f97b42afd15a58da51b224d.js(1,2): error TS1128: Declaration or statement expected.
src-tauri/target/release/build/atri-chat-abd4f393fc22194d/out/tauri-codegen-assets/476ba36af35b3d158c8203f033dde97964b9eb0ee42f7f2e74e73d4e824c125f.js(1,1): error TS1490: File appears to be binary.
src-tauri/target/release/build/atri-chat-abd4f393fc22194d/out/tauri-codegen-assets/6271eb6d0bde5f9c893605ae819505e40e4e538d76193124e1d127456953a567.js(1,1): error TS1490: File appears to be binary.
src-tauri/target/release/build/atri-chat-abd4f393fc22194d/out/tauri-codegen-assets/6271eb6d0bde5f9c893605ae819505e40e4e538d76193124e1d127456953a567.js(1,2): error TS1127: Invalid character.
src-tauri/target/release/build/atri-chat-abd4f393fc22194d/out/tauri-codegen-assets/6271eb6d0bde5f9c893605ae819505e40e4e538d76193124e1d127456953a567.js(1,5): error TS1127: Invalid character.
src-tauri/target/release/build/atri-chat-abd4f393fc22194d/out/tauri-codegen-assets/6271eb6d0bde5f9c893605ae819505e40e4e538d76193124e1d127456953a567.js(1,6): error TS1137: Expression or comma expected.
src-tauri/target/release/build/atri-chat-abd4f393fc22194d/out/tauri-codegen-assets/6271eb6d0bde5f9c893605ae819505e40e4e538d76193124e1d127456953a567.js(511,26): error TS1005: ']' expected.
src-tauri/target/release/build/atri-chat-abd4f393fc22194d/out/tauri-codegen-assets/69640652062b289e133d2b30fc2d303254add60e658856328c726c5ac41dcc5d.js(1,1): error TS1127: Invalid character.
src-tauri/target/release/build/atri-chat-abd4f393fc22194d/out/tauri-codegen-assets/69640652062b289e133d2b30fc2d303254add60e658856328c726c5ac41dcc5d.js(1,2): error TS1128: Declaration or statement expected.
src-tauri/target/release/build/atri-chat-abd4f393fc22194d/out/tauri-codegen-assets/6d77fe2fbd9f7a58696371c3a5b2be95d76040667480ad0ac741d14ea109e688.js(1,1): error TS1490: File appears to be binary.
src-tauri/target/release/build/atri-chat-abd4f393fc22194d/out/tauri-codegen-assets/6d77fe2fbd9f7a58696371c3a5b2be95d76040667480ad0ac741d14ea109e688.js(1,2): error TS1137: Expression or comma expected.
src-tauri/target/release/build/atri-chat-abd4f393fc22194d/out/tauri-codegen-assets/6d77fe2fbd9f7a58696371c3a5b2be95d76040667480ad0ac741d14ea109e688.js(353,12): error TS1005: ']' expected.
src-tauri/target/release/build/atri-chat-abd4f393fc22194d/out/tauri-codegen-assets/715165e401dfd6421d4f16fb259fc8458658590f63aec511df02050bf301ce75.js(1,1): error TS1490: File appears to be binary.
src-tauri/target/release/build/atri-chat-abd4f393fc22194d/out/tauri-codegen-assets/715165e401dfd6421d4f16fb259fc8458658590f63aec511df02050bf301ce75.js(1,2): error TS1137: Expression or comma expected.
src-tauri/target/release/build/atri-chat-abd4f393fc22194d/out/tauri-codegen-assets/715165e401dfd6421d4f16fb259fc8458658590f63aec511df02050bf301ce75.js(836,133): error TS1005: ']' expected.
src-tauri/target/release/build/atri-chat-abd4f393fc22194d/out/tauri-codegen-assets/7d75dcb907c6de87c07a80793704b49d5c56496111102a23923fdadb91b9af50.js(1,1): error TS1490: File appears to be binary.
src-tauri/target/release/build/atri-chat-abd4f393fc22194d/out/tauri-codegen-assets/7d75dcb907c6de87c07a80793704b49d5c56496111102a23923fdadb91b9af50.js(1,1): error TS1127: Invalid character.
src-tauri/target/release/build/atri-chat-abd4f393fc22194d/out/tauri-codegen-assets/7d75dcb907c6de87c07a80793704b49d5c56496111102a23923fdadb91b9af50.js(1,3): error TS1127: Invalid character.
src-tauri/target/release/build/atri-chat-abd4f393fc22194d/out/tauri-codegen-assets/7d75dcb907c6de87c07a80793704b49d5c56496111102a23923fdadb91b9af50.js(1,4): error TS1127: Invalid character.
src-tauri/target/release/build/atri-chat-abd4f393fc22194d/out/tauri-codegen-assets/7d75dcb907c6de87c07a80793704b49d5c56496111102a23923fdadb91b9af50.js(1,5): error TS1128: Declaration or statement expected.
src-tauri/target/release/build/atri-chat-abd4f393fc22194d/out/tauri-codegen-assets/c287a48d019d070f95bf06fadb8bdf32131d16bce681ce3d0d6c4dbdad2e7e99.js(1,1): error TS1490: File appears to be binary.
src-tauri/target/release/build/atri-chat-abd4f393fc22194d/out/tauri-codegen-assets/c287a48d019d070f95bf06fadb8bdf32131d16bce681ce3d0d6c4dbdad2e7e99.js(1,1): error TS1127: Invalid character.
src-tauri/target/release/build/atri-chat-abd4f393fc22194d/out/tauri-codegen-assets/c287a48d019d070f95bf06fadb8bdf32131d16bce681ce3d0d6c4dbdad2e7e99.js(1,2): error TS1127: Invalid character.
src-tauri/target/release/build/atri-chat-abd4f393fc22194d/out/tauri-codegen-assets/c287a48d019d070f95bf06fadb8bdf32131d16bce681ce3d0d6c4dbdad2e7e99.js(1,3): error TS1434: Unexpected keyword or identifier.
src-tauri/target/release/build/atri-chat-abd4f393fc22194d/out/tauri-codegen-assets/c287a48d019d070f95bf06fadb8bdf32131d16bce681ce3d0d6c4dbdad2e7e99.js(1,4): error TS1128: Declaration or statement expected.
src-tauri/target/release/build/atri-chat-abd4f393fc22194d/out/tauri-codegen-assets/c2ee39103bc7ecc6c01e4d244351636a8e96c60c8b620ef17b55c8906f8505da.js(1,1): error TS1490: File appears to be binary.
src-tauri/target/release/build/atri-chat-abd4f393fc22194d/out/tauri-codegen-assets/dd1e7fefe6e9c7adf991d902e2da51f8a43628576beb697b4ca58c3456fcabb3.js(1,1): error TS1127: Invalid character.
src-tauri/target/release/build/atri-chat-abd4f393fc22194d/out/tauri-codegen-assets/dd1e7fefe6e9c7adf991d902e2da51f8a43628576beb697b4ca58c3456fcabb3.js(1,2): error TS1434: Unexpected keyword or identifier.
src-tauri/target/release/build/atri-chat-abd4f393fc22194d/out/tauri-codegen-assets/dd1e7fefe6e9c7adf991d902e2da51f8a43628576beb697b4ca58c3456fcabb3.js(1,6): error TS1128: Declaration or statement expected.
src-tauri/target/release/build/atri-chat-abd4f393fc22194d/out/tauri-codegen-assets/fb4bb39bfc01931e923587dceed477ecd3990dd30ce901cdb633663e6a6e1ba7.js(1,1): error TS1127: Invalid character.
src-tauri/target/release/build/atri-chat-abd4f393fc22194d/out/tauri-codegen-assets/fb4bb39bfc01931e923587dceed477ecd3990dd30ce901cdb633663e6a6e1ba7.js(1,2): error TS1128: Declaration or statement expected.
